{
  "version": "1.5.0",
  "plugins_used": [
    {
      "name": "ArtifactoryDetector"
    },
    {
      "name": "AWSKeyDetector"
    },
    {
      "name": "AzureStorageKeyDetector"
    },
    {
      "name": "Base64HighEntropyString",
      "limit": 4.5
    },
    {
      "name": "BasicAuthDetector"
    },
    {
      "name": "CloudantDetector"
    },
    {
      "name": "DiscordBotTokenDetector"
    },
    {
      "name": "GitHubTokenDetector"
    },
    {
      "name": "GitLabTokenDetector"
    },
    {
      "name": "HexHighEntropyString",
      "limit": 3.0
    },
    {
      "name": "IbmCloudIamDetector"
    },
    {
      "name": "IbmCosHmacDetector"
    },
    {
      "name": "IPPublicDetector"
    },
    {
      "name": "JwtTokenDetector"
    },
    {
      "name": "KeywordDetector",
      "keyword_exclude": ""
    },
    {
      "name": "MailchimpDetector"
    },
    {
      "name": "NpmDetector"
    },
    {
      "name": "OpenAIDetector"
    },
    {
      "name": "PrivateKeyDetector"
    },
    {
      "name": "PypiTokenDetector"
    },
    {
      "name": "SendGridDetector"
    },
    {
      "name": "SlackDetector"
    },
    {
      "name": "SoftlayerDetector"
    },
    {
      "name": "SquareOAuthDetector"
    },
    {
      "name": "StripeDetector"
    },
    {
      "name": "TelegramBotTokenDetector"
    },
    {
      "name": "TwilioKeyDetector"
    }
  ],
  "filters_used": [
    {
      "path": "detect_secrets.filters.allowlist.is_line_allowlisted"
    },
    {
      "path": "detect_secrets.filters.common.is_ignored_due_to_verification_policies",
      "min_level": 2
    },
    {
      "path": "detect_secrets.filters.heuristic.is_indirect_reference"
    },
    {
      "path": "detect_secrets.filters.heuristic.is_likely_id_string"
    },
    {
      "path": "detect_secrets.filters.heuristic.is_lock_file"
    },
    {
      "path": "detect_secrets.filters.heuristic.is_not_alphanumeric_string"
    },
    {
      "path": "detect_secrets.filters.heuristic.is_potential_uuid"
    },
    {
      "path": "detect_secrets.filters.heuristic.is_prefixed_with_dollar_sign"
    },
    {
      "path": "detect_secrets.filters.heuristic.is_sequential_string"
    },
    {
      "path": "detect_secrets.filters.heuristic.is_swagger_file"
    },
    {
      "path": "detect_secrets.filters.heuristic.is_templated_secret"
    },
    {
      "path": "detect_secrets.filters.regex.should_exclude_file",
      "pattern": [
        "(^|/)(node_modules|cdk\\.out|\\.venv|dist|__pycache__|\\.git)/"
      ]
    }
  ],
  "results": {
    "cost-optimization/aws-genai-cost-optimization-mcp-server/tests/test_bedrock_detector.py": [
      {
        "type": "Secret Keyword",
        "filename": "cost-optimization/aws-genai-cost-optimization-mcp-server/tests/test_bedrock_detector.py",
        "hashed_secret": "3acfb2c2b433c0ea7ff107e33df91b18e52f960f",
        "is_verified": false,
        "line_number": 116
      }
    ],
    "observability/aws-site-to-site-vpn-tunnel-investigation-devops-agent/infrastructure/cdk/lib/mcp_server_stack.py": [
      {
        "type": "Secret Keyword",
        "filename": "observability/aws-site-to-site-vpn-tunnel-investigation-devops-agent/infrastructure/cdk/lib/mcp_server_stack.py",
        "hashed_secret": "a41f80a6a967f1ea75dc32aa42ed0ebaa38a1ee0",
        "is_verified": false,
        "line_number": 53
      }
    ],
    "observability/eks-investigation-devops-agent/cdk/lib/compute-stack.ts": [
      {
        "type": "Hex High Entropy String",
        "filename": "observability/eks-investigation-devops-agent/cdk/lib/compute-stack.ts",
        "hashed_secret": "83c1003f406f34fba4d6279a948fee3abc802884",
        "is_verified": false,
        "line_number": 140
      }
    ],
    "observability/eks-investigation-devops-agent/cdk/test/devops-agent-conditional.property.test.ts": [
      {
        "type": "Secret Keyword",
        "filename": "observability/eks-investigation-devops-agent/cdk/test/devops-agent-conditional.property.test.ts",
        "hashed_secret": "2ecc44c368fcd35165f66ae53f7d0c64f3343dbc",
        "is_verified": false,
        "line_number": 90
      }
    ],
    "observability/eks-investigation-devops-agent/cdk/test/output-key-parity.property.test.ts": [
      {
        "type": "Secret Keyword",
        "filename": "observability/eks-investigation-devops-agent/cdk/test/output-key-parity.property.test.ts",
        "hashed_secret": "416009743a312e740a8f1fdeb327f6f31d4b8dd4",
        "is_verified": false,
        "line_number": 85
      },
      {
        "type": "Secret Keyword",
        "filename": "observability/eks-investigation-devops-agent/cdk/test/output-key-parity.property.test.ts",
        "hashed_secret": "c6308e67dd87e4d2f33d5ebf96cc7814cb845e9a",
        "is_verified": false,
        "line_number": 86
      }
    ],
    "observability/eks-investigation-devops-agent/cdk/test/resource-type-parity.property.test.ts": [
      {
        "type": "Secret Keyword",
        "filename": "observability/eks-investigation-devops-agent/cdk/test/resource-type-parity.property.test.ts",
        "hashed_secret": "416009743a312e740a8f1fdeb327f6f31d4b8dd4",
        "is_verified": false,
        "line_number": 145
      },
      {
        "type": "Secret Keyword",
        "filename": "observability/eks-investigation-devops-agent/cdk/test/resource-type-parity.property.test.ts",
        "hashed_secret": "c6308e67dd87e4d2f33d5ebf96cc7814cb845e9a",
        "is_verified": false,
        "line_number": 146
      }
    ],
    "observability/eks-investigation-devops-agent/deploy-all.sh": [
      {
        "type": "Secret Keyword",
        "filename": "observability/eks-investigation-devops-agent/deploy-all.sh",
        "hashed_secret": "6eef6648406c333a4035cd5e60d0bf2ecf2606d7",
        "is_verified": false,
        "line_number": 262
      }
    ],
    "observability/eks-investigation-devops-agent/scripts/configure-demo-user.ps1": [
      {
        "type": "Secret Keyword",
        "filename": "observability/eks-investigation-devops-agent/scripts/configure-demo-user.ps1",
        "hashed_secret": "0c120ec9de3de6a1602a312f8d8ad8534be3afd5",
        "is_verified": false,
        "line_number": 10
      }
    ],
    "observability/eks-investigation-devops-agent/services/merchant-gateway/src/auth/jwt-token-expiration.property.test.ts": [
      {
        "type": "Secret Keyword",
        "filename": "observability/eks-investigation-devops-agent/services/merchant-gateway/src/auth/jwt-token-expiration.property.test.ts",
        "hashed_secret": "f78a8b090b5a94c5ac39bbf48d307e9e1e5130ad",
        "is_verified": false,
        "line_number": 28
      }
    ],
    "observability/eks-investigation-devops-agent/services/merchant-gateway/src/middleware/jwt-auth.property.test.ts": [
      {
        "type": "Secret Keyword",
        "filename": "observability/eks-investigation-devops-agent/services/merchant-gateway/src/middleware/jwt-auth.property.test.ts",
        "hashed_secret": "ae459b4ca424fe4e23a440b7092cbbcfb0ca300c",
        "is_verified": false,
        "line_number": 28
      }
    ],
    "observability/eks-investigation-devops-agent/services/payment-processor/src/main/resources/application.yml": [
      {
        "type": "Secret Keyword",
        "filename": "observability/eks-investigation-devops-agent/services/payment-processor/src/main/resources/application.yml",
        "hashed_secret": "43f7cbf139f31e89209406fd8f1942033bd47aec",
        "is_verified": false,
        "line_number": 8
      }
    ],
    "observability/proactive-health-event-impact-analyzer/docs/jira-integration.md": [
      {
        "type": "Secret Keyword",
        "filename": "observability/proactive-health-event-impact-analyzer/docs/jira-integration.md",
        "hashed_secret": "36d799b4d82a083742e8758c7c06f42c6fba4dfb",
        "is_verified": false,
        "line_number": 199
      }
    ],
    "observability/proactive-health-event-impact-analyzer/scripts/setup-wizard.ts": [
      {
        "type": "Secret Keyword",
        "filename": "observability/proactive-health-event-impact-analyzer/scripts/setup-wizard.ts",
        "hashed_secret": "79af5ce9d43048398c9dd5954c77c8b59be3b7fc",
        "is_verified": false,
        "line_number": 1017
      },
      {
        "type": "Secret Keyword",
        "filename": "observability/proactive-health-event-impact-analyzer/scripts/setup-wizard.ts",
        "hashed_secret": "5e25ce007aa95ea2ea8b158aee9c630a32ea5616",
        "is_verified": false,
        "line_number": 1019
      }
    ],
    "observability/proactive-health-event-impact-analyzer/test/health-event-analyzer.test.ts": [
      {
        "type": "Secret Keyword",
        "filename": "observability/proactive-health-event-impact-analyzer/test/health-event-analyzer.test.ts",
        "hashed_secret": "8fe8ab49f1a79be0bae9f693f3b47a5e6f725c9d",
        "is_verified": false,
        "line_number": 23
      },
      {
        "type": "Secret Keyword",
        "filename": "observability/proactive-health-event-impact-analyzer/test/health-event-analyzer.test.ts",
        "hashed_secret": "c6308e67dd87e4d2f33d5ebf96cc7814cb845e9a",
        "is_verified": false,
        "line_number": 205
      }
    ],
    "observability/proactive-health-event-impact-analyzer/test/secrets-cache.test.ts": [
      {
        "type": "Secret Keyword",
        "filename": "observability/proactive-health-event-impact-analyzer/test/secrets-cache.test.ts",
        "hashed_secret": "8f26c87d51290d9d2cbd628d25f5687d3c89c0c4",
        "is_verified": false,
        "line_number": 98
      }
    ],
    "operations-automation/ai-legacy-system-browser-automation/README.md": [
      {
        "type": "Secret Keyword",
        "filename": "operations-automation/ai-legacy-system-browser-automation/README.md",
        "hashed_secret": "33f220dd67f717cc949db63e21c90e130a6137da",
        "is_verified": false,
        "line_number": 137
      }
    ],
    "operations-automation/aws-services-lifecycle-tracker/backend/account_discovery.py": [
      {
        "type": "Secret Keyword",
        "filename": "operations-automation/aws-services-lifecycle-tracker/backend/account_discovery.py",
        "hashed_secret": "482fbdf656c5a7b9f6d7767c7ead2574b914aaff",
        "is_verified": false,
        "line_number": 313
      },
      {
        "type": "Secret Keyword",
        "filename": "operations-automation/aws-services-lifecycle-tracker/backend/account_discovery.py",
        "hashed_secret": "16191338e81a46c7d127f5c8899f5c92e3cd38e3",
        "is_verified": false,
        "line_number": 317
      },
      {
        "type": "Secret Keyword",
        "filename": "operations-automation/aws-services-lifecycle-tracker/backend/account_discovery.py",
        "hashed_secret": "daedd408194a10b96cd741d5d9244638785cfed9",
        "is_verified": false,
        "line_number": 319
      },
      {
        "type": "Secret Keyword",
        "filename": "operations-automation/aws-services-lifecycle-tracker/backend/account_discovery.py",
        "hashed_secret": "e96d46087452af9acb56f5de178810612c1855d7",
        "is_verified": false,
        "line_number": 322
      },
      {
        "type": "Secret Keyword",
        "filename": "operations-automation/aws-services-lifecycle-tracker/backend/account_discovery.py",
        "hashed_secret": "c587da72bbd892325771bb7b9d210657b9e57f9a",
        "is_verified": false,
        "line_number": 324
      },
      {
        "type": "Secret Keyword",
        "filename": "operations-automation/aws-services-lifecycle-tracker/backend/account_discovery.py",
        "hashed_secret": "62f1b200171d6039e11807fd58a32270f2dcc745",
        "is_verified": false,
        "line_number": 326
      },
      {
        "type": "Secret Keyword",
        "filename": "operations-automation/aws-services-lifecycle-tracker/backend/account_discovery.py",
        "hashed_secret": "de9b8956facf944418635dace446763de9f2b4fb",
        "is_verified": false,
        "line_number": 328
      },
      {
        "type": "Secret Keyword",
        "filename": "operations-automation/aws-services-lifecycle-tracker/backend/account_discovery.py",
        "hashed_secret": "bf135d1f23a49cd35e8f1f134196548c31616272",
        "is_verified": false,
        "line_number": 330
      },
      {
        "type": "Secret Keyword",
        "filename": "operations-automation/aws-services-lifecycle-tracker/backend/account_discovery.py",
        "hashed_secret": "f26a4ef0aede607c0cdc28849c0089e010e84a64",
        "is_verified": false,
        "line_number": 332
      },
      {
        "type": "Secret Keyword",
        "filename": "operations-automation/aws-services-lifecycle-tracker/backend/account_discovery.py",
        "hashed_secret": "80ad2de755faf5339dd68ac77cef9277ccff14b2",
        "is_verified": false,
        "line_number": 335
      },
      {
        "type": "Secret Keyword",
        "filename": "operations-automation/aws-services-lifecycle-tracker/backend/account_discovery.py",
        "hashed_secret": "c8251d848e225e4d6952dde1bb52f47579046246",
        "is_verified": false,
        "line_number": 536
      }
    ],
    "operations-automation/aws-services-lifecycle-tracker/backend/tests/test_data_ownership.py": [
      {
        "type": "Secret Keyword",
        "filename": "operations-automation/aws-services-lifecycle-tracker/backend/tests/test_data_ownership.py",
        "hashed_secret": "16191338e81a46c7d127f5c8899f5c92e3cd38e3",
        "is_verified": false,
        "line_number": 110
      },
      {
        "type": "Secret Keyword",
        "filename": "operations-automation/aws-services-lifecycle-tracker/backend/tests/test_data_ownership.py",
        "hashed_secret": "80ad2de755faf5339dd68ac77cef9277ccff14b2",
        "is_verified": false,
        "line_number": 132
      }
    ],
    "operations-automation/aws-services-lifecycle-tracker/backend/tests/test_property_dynamo_keys.py": [
      {
        "type": "Base64 High Entropy String",
        "filename": "operations-automation/aws-services-lifecycle-tracker/backend/tests/test_property_dynamo_keys.py",
        "hashed_secret": "e7be9342d479416a77bc2979c4329e376cd2eee7",
        "is_verified": false,
        "line_number": 58
      },
      {
        "type": "Base64 High Entropy String",
        "filename": "operations-automation/aws-services-lifecycle-tracker/backend/tests/test_property_dynamo_keys.py",
        "hashed_secret": "79a8afbe72a1d989b83ec4dbb7ad80356e1b43ff",
        "is_verified": false,
        "line_number": 67
      }
    ],
    "resilience/ai-load-test-generation-with-dlt/builder/tests/test_builder.py": [
      {
        "type": "Secret Keyword",
        "filename": "resilience/ai-load-test-generation-with-dlt/builder/tests/test_builder.py",
        "hashed_secret": "a4b48a81cdab1e1a5dd37907d6c85ca1c61ddc7c",
        "is_verified": false,
        "line_number": 370
      }
    ],
    "resilience/ai-load-test-generation-with-dlt/builder/tests/test_script_builders.py": [
      {
        "type": "Secret Keyword",
        "filename": "resilience/ai-load-test-generation-with-dlt/builder/tests/test_script_builders.py",
        "hashed_secret": "a4b48a81cdab1e1a5dd37907d6c85ca1c61ddc7c",
        "is_verified": false,
        "line_number": 237
      }
    ],
    "security/ai-iam-access-analyzer-assistant/README.md": [
      {
        "type": "Secret Keyword",
        "filename": "security/ai-iam-access-analyzer-assistant/README.md",
        "hashed_secret": "910fbf00f58e9bcb095ea26a75cc1d9a3355e671",
        "is_verified": false,
        "line_number": 272
      }
    ],
    "security/ai-iam-access-analyzer-assistant/deploy-all.ps1": [
      {
        "type": "Secret Keyword",
        "filename": "security/ai-iam-access-analyzer-assistant/deploy-all.ps1",
        "hashed_secret": "9592de344b87a29887d4066e90f3347548291a69",
        "is_verified": false,
        "line_number": 150
      }
    ],
    "security/ai-iam-access-analyzer-assistant/src/tools/list_findings.py": [
      {
        "type": "Secret Keyword",
        "filename": "security/ai-iam-access-analyzer-assistant/src/tools/list_findings.py",
        "hashed_secret": "61b3fb75bd41af1bc2e64be1b0ed3b896417a46c",
        "is_verified": false,
        "line_number": 68
      }
    ],
    "security/prowler-security-findings-agent/cdk/lambda/devops-agent-trigger/index.py": [
      {
        "type": "Secret Keyword",
        "filename": "security/prowler-security-findings-agent/cdk/lambda/devops-agent-trigger/index.py",
        "hashed_secret": "3b8eb48f35ade8386da573bd8edb5c89f13cfd85",
        "is_verified": false,
        "line_number": 132
      }
    ],
    "security/prowler-security-findings-agent/cdk/lib/devops-agent-stack.ts": [
      {
        "type": "Secret Keyword",
        "filename": "security/prowler-security-findings-agent/cdk/lib/devops-agent-stack.ts",
        "hashed_secret": "3b8eb48f35ade8386da573bd8edb5c89f13cfd85",
        "is_verified": false,
        "line_number": 72
      }
    ],
    "security/prowler-security-findings-agent/scripts/setup-devops-agent.ps1": [
      {
        "type": "Secret Keyword",
        "filename": "security/prowler-security-findings-agent/scripts/setup-devops-agent.ps1",
        "hashed_secret": "50240f2aa36b15242d47d20d6d4b2ac850120e41",
        "is_verified": false,
        "line_number": 97
      }
    ]
  },
  "generated_at": "2026-09-16T07:19:51Z"
}
